---
source: tests/golden.rs
expression: "run(\"account_locked\", ctx).await"
---
scenario: account_locked
decision: Deny
score: 100
base_score: 100
adjusted_score: 100
required_action: None
hold_reason: None
triggered_gates: [AccountLocked]
escalated: false
signals_degraded: false
lock_account: true
notify_user: true
notify_admin: true
breakdown: D=50 S=50 N=50 B=50 C=100 base=255 m_action=3.00 m_org=2.00 a=50 final=100
top_factors:
triggered_rules: ["AccountLocked"]
